Component: ARM Compiler 5.06 update 2 (build 183) Tool: armlink [4d35b7]

==============================================================================

Section Cross References

    startup_cms32f033x.o(STACK) refers (Special) to heapauxi.o(.text) for __use_two_region_memory
    startup_cms32f033x.o(HEAP) refers (Special) to heapauxi.o(.text) for __use_two_region_memory
    startup_cms32f033x.o(RESET) refers (Special) to heapauxi.o(.text) for __use_two_region_memory
    startup_cms32f033x.o(RESET) refers to startup_cms32f033x.o(STACK) for __initial_sp
    startup_cms32f033x.o(RESET) refers to startup_cms32f033x.o(.text) for Reset_Handler
    startup_cms32f033x.o(RESET) refers to isr.o(i.NMI_Handler) for NMI_Handler
    startup_cms32f033x.o(RESET) refers to isr.o(i.HardFault_Handler) for HardFault_Handler
    startup_cms32f033x.o(RESET) refers to isr.o(i.SVC_Handler) for SVC_Handler
    startup_cms32f033x.o(RESET) refers to isr.o(i.PendSV_Handler) for PendSV_Handler
    startup_cms32f033x.o(RESET) refers to isr.o(i.SysTick_Handler) for SysTick_Handler
    startup_cms32f033x.o(RESET) refers to isr.o(i.GPIO0_IRQHandler) for GPIO0_IRQHandler
    startup_cms32f033x.o(RESET) refers to isr.o(i.GPIO1_IRQHandler) for GPIO1_IRQHandler
    startup_cms32f033x.o(RESET) refers to isr.o(i.GPIO2_IRQHandler) for GPIO2_IRQHandler
    startup_cms32f033x.o(RESET) refers to isr.o(i.GPIO3_IRQHandler) for GPIO3_IRQHandler
    startup_cms32f033x.o(RESET) refers to isr.o(i.GPIO4_IRQHandler) for GPIO4_IRQHandler
    startup_cms32f033x.o(RESET) refers to isr.o(i.CCP_IRQHandler) for CCP_IRQHandler
    startup_cms32f033x.o(RESET) refers to isr.o(i.WWDT_IRQHandler) for WWDT_IRQHandler
    startup_cms32f033x.o(RESET) refers to isr.o(i.EPWM_IRQHandler) for EPWM_IRQHandler
    startup_cms32f033x.o(RESET) refers to isr.o(i.ADC1_IRQHandler) for ADC1_IRQHandler
    startup_cms32f033x.o(RESET) refers to isr.o(i.ACMP_IRQHandler) for ACMP_IRQHandler
    startup_cms32f033x.o(RESET) refers to isr.o(i.UART0_IRQHandler) for UART0_IRQHandler
    startup_cms32f033x.o(RESET) refers to isr.o(i.UART1_IRQHandler) for UART1_IRQHandler
    startup_cms32f033x.o(RESET) refers to isr.o(i.TMR0_IRQHandler) for TMR0_IRQHandler
    startup_cms32f033x.o(RESET) refers to isr.o(i.TMR1_IRQHandler) for TMR1_IRQHandler
    startup_cms32f033x.o(RESET) refers to isr.o(i.WDT_IRQHandler) for WDT_IRQHandler
    startup_cms32f033x.o(RESET) refers to isr.o(i.I2C_IRQHandler) for I2C_IRQHandler
    startup_cms32f033x.o(RESET) refers to isr.o(i.SPI_IRQHandler) for SPI_IRQHandler
    startup_cms32f033x.o(RESET) refers to isr.o(i.LVD_IRQHandler) for LVD_IRQHandler
    startup_cms32f033x.o(.text) refers (Special) to heapauxi.o(.text) for __use_two_region_memory
    startup_cms32f033x.o(.text) refers to system_cms32f033x.o(i.SystemInit) for SystemInit
    startup_cms32f033x.o(.text) refers to __main.o(!!!main) for __main
    startup_cms32f033x.o(.text) refers to startup_cms32f033x.o(HEAP) for Heap_Mem
    startup_cms32f033x.o(.text) refers to startup_cms32f033x.o(STACK) for Stack_Mem
    system_cms32f033x.o(i.SystemCoreClockUpdate) refers to aeabi_sdiv.o(.text) for __aeabi_uidivmod
    system_cms32f033x.o(i.SystemCoreClockUpdate) refers to system_cms32f033x.o(.data) for HSIClock
    main.o(i.main) refers to _printf_percent.o(.ARM.Collect$$_printf_percent$$00000000) for _printf_percent
    main.o(i.main) refers to _printf_s.o(.ARM.Collect$$_printf_percent$$00000014) for _printf_s
    main.o(i.main) refers to _printf_str.o(.text) for _printf_str
    main.o(i.main) refers to _printf_d.o(.ARM.Collect$$_printf_percent$$00000009) for _printf_d
    main.o(i.main) refers to _printf_dec.o(.text) for _printf_int_dec
    main.o(i.main) refers to _printf_pad.o(.text) for _printf_pre_padding
    main.o(i.main) refers to _printf_x.o(.ARM.Collect$$_printf_percent$$0000000C) for _printf_x
    main.o(i.main) refers to _printf_hex_int.o(.text) for _printf_longlong_hex
    main.o(i.main) refers to _printf_f.o(.ARM.Collect$$_printf_percent$$00000003) for _printf_f
    main.o(i.main) refers to printf1.o(x$fpl$printf1) for _printf_fp_dec
    main.o(i.main) refers to user_time.o(i.delay_ms) for delay_ms
    main.o(i.main) refers to main.o(i.sys_init) for sys_init
    main.o(i.main) refers to wdt.o(i.WDT_ConfigClk) for WDT_ConfigClk
    main.o(i.main) refers to wdt.o(i.WDT_ConfigPeriod) for WDT_ConfigPeriod
    main.o(i.main) refers to wdt.o(i.WDT_EnableRestSystem) for WDT_EnableRestSystem
    main.o(i.main) refers to wdt.o(i.WDT_ClearOverflowIntFlag) for WDT_ClearOverflowIntFlag
    main.o(i.main) refers to wdt.o(i.WDT_ClearWDT) for WDT_ClearWDT
    main.o(i.main) refers to user_gpio.o(i.GPIO_Config) for GPIO_Config
    main.o(i.main) refers to user_time.o(i.TMR_Config) for TMR_Config
    main.o(i.main) refers to rtc.o(i.rtc_init) for rtc_init
    main.o(i.main) refers to adc1.o(i.ADCInit) for ADCInit
    main.o(i.main) refers to led.o(i.PWMInit) for PWMInit
[...]
    i.dp_download_meal_plan_handle           0x000040f8   Section        0  protocol.o(i.dp_download_meal_plan_handle)
    dp_download_meal_plan_handle             0x000040f9   Thumb Code    62  protocol.o(i.dp_download_meal_plan_handle)
    i.dp_download_vacuum_switch_handle       0x00004140   Section        0  protocol.o(i.dp_download_vacuum_switch_handle)
    dp_download_vacuum_switch_handle         0x00004141   Thumb Code    86  protocol.o(i.dp_download_vacuum_switch_handle)
    i.eeprom_data_init                       0x00004198   Section        0  user_flash.o(i.eeprom_data_init)
    i.error_task                             0x00004238   Section        0  led.o(i.error_task)
    i.feed_key_isr                           0x000042ac   Section        0  tuya_wifi.o(i.feed_key_isr)
    i.feed_run                               0x00004314   Section        0  feed_process.o(i.feed_run)
    i.feed_scan                              0x000043a8   Section        0  feed_process.o(i.feed_scan)
    i.ferror                                 0x000044d0   Section        0  retarget.o(i.ferror)
    i.food_det_isr                           0x000044d8   Section        0  led.o(i.food_det_isr)
    i.fputc                                  0x00004538   Section        0  retarget.o(i.fputc)
    i.get_check_sum                          0x0000456c   Section        0  system.o(i.get_check_sum)
    i.get_dowmload_dpid_index                0x00004588   Section        0  system.o(i.get_dowmload_dpid_index)
    get_dowmload_dpid_index                  0x00004589   Thumb Code    40  system.o(i.get_dowmload_dpid_index)
    i.get_download_cmd_total                 0x000045b4   Section        0  protocol.o(i.get_download_cmd_total)
    i.get_mcu_wifi_mode                      0x000045b8   Section        0  system.o(i.get_mcu_wifi_mode)
    get_mcu_wifi_mode                        0x000045b9   Thumb Code    16  system.o(i.get_mcu_wifi_mode)
    i.get_wifi_status                        0x000045c8   Section        0  protocol.o(i.get_wifi_status)
    i.heat_beat_check                        0x00004744   Section        0  system.o(i.heat_beat_check)
    heat_beat_check                          0x00004745   Thumb Code    52  system.o(i.heat_beat_check)
    i.is_leap_year                           0x0000477c   Section        0  rtc.o(i.is_leap_year)
    is_leap_year                             0x0000477d   Thumb Code    54  rtc.o(i.is_leap_year)
    i.led_task_link                          0x000047b2   Section        0  led.o(i.led_task_link)
    i.link_led_isr                           0x000047d8   Section        0  tuya_wifi.o(i.link_led_isr)
    i.main                                   0x000048c0   Section        0  main.o(i.main)
    i.mcu_dp_bool_update                     0x00004e84   Section        0  mcu_api.o(i.mcu_dp_bool_update)
    i.mcu_dp_enum_update                     0x00004eec   Section        0  mcu_api.o(i.mcu_dp_enum_update)
    i.mcu_dp_fault_update                    0x00004f44   Section        0  mcu_api.o(i.mcu_dp_fault_update)
    i.mcu_dp_raw_update                      0x0000500c   Section        0  mcu_api.o(i.mcu_dp_raw_update)
    i.mcu_dp_value_update                    0x0000507c   Section        0  mcu_api.o(i.mcu_dp_value_update)
    i.mcu_get_dp_download_bool               0x000050f4   Section        0  mcu_api.o(i.mcu_get_dp_download_bool)
    i.mcu_get_dp_download_value              0x000050fa   Section        0  mcu_api.o(i.mcu_get_dp_download_value)
    i.mcu_get_system_time                    0x00005108   Section        0  mcu_api.o(i.mcu_get_system_time)
    i.mcu_get_wifi_connect_status            0x00005116   Section        0  mcu_api.o(i.mcu_get_wifi_connect_status)
    i.mcu_reset_wifi                         0x00005124   Section        0  mcu_api.o(i.mcu_reset_wifi)
    i.mcu_start_wifitest                     0x0000513c   Section        0  mcu_api.o(i.mcu_start_wifitest)
    i.mcu_write_rtctime                      0x0000514c   Section        0  protocol.o(i.mcu_write_rtctime)
    i.motor                                  0x000051d8   Section        0  motor.o(i.motor)
    i.motor_contorl                          0x000053cc   Section        0  motor.o(i.motor_contorl)
    i.motor_door_close                       0x00005444   Section        0  motor.o(i.motor_door_close)
    i.motor_door_open                        0x000055bc   Section        0  motor.o(i.motor_door_open)
    i.motor_run                              0x000056e4   Section        0  motor.o(i.motor_run)
    i.my_memcpy                              0x00005848   Section        0  mcu_api.o(i.my_memcpy)
    i.my_memset                              0x00005894   Section        0  mcu_api.o(i.my_memset)
    i.my_strlen                              0x000058b6   Section        0  mcu_api.o(i.my_strlen)
    i.printf_feed_info                       0x000058d4   Section        0  user_flash.o(i.printf_feed_info)
    i.printf_func_info                       0x00005970   Section        0  user_flash.o(i.printf_func_info)
    i.printf_rtc                             0x000059f8   Section        0  rtc.o(i.printf_rtc)
    i.product_info_update                    0x00005a48   Section        0  system.o(i.product_info_update)
    product_info_update                      0x00005a49   Thumb Code   164  system.o(i.product_info_update)
    i.rtc_init                               0x00005b28   Section        0  rtc.o(i.rtc_init)
    i.rtc_month_days                         0x00005b38   Section        0  rtc.o(i.rtc_month_days)
    rtc_month_days                           0x00005b39   Thumb Code    40  rtc.o(i.rtc_month_days)
    i.rtc_task                               0x00005b64   Section        0  rtc.o(i.rtc_task)
    i.send_feed_info                         0x00005c28   Section        0  feed_process.o(i.send_feed_info)
    i.send_feed_state                        0x00005ca0   Section        0  feed_process.o(i.send_feed_state)
    i.set_wifi_uart_buffer                   0x00005ce4   Section        0  system.o(i.set_wifi_uart_buffer)
    i.set_wifi_uart_byte                     0x00005d08   Section        0  system.o(i.set_wifi_uart_byte)
    i.sys_init                               0x00005d18   Section        0  main.o(i.sys_init)
    i.take_byte_rxbuff                       0x00005d60   Section        0  system.o(i.take_byte_rxbuff)
    i.uart_receive_input                     0x00005d9c   Section        0  mcu_api.o(i.uart_receive_input)
    i.uart_transmit_output                   0x00005df4   Section        0  protocol.o(i.uart_transmit_output)
    i.upgrade_package_choose                 0x00005e00   Section        0  protocol.o(i.upgrade_package_choose)
    i.user_write_flash                       0x00005e0c   Section        0  user_flash.o(i.user_write_flash)
    i.wifi_protocol_init                     0x00005e78   Section        0  mcu_api.o(i.wifi_protocol_init)
    i.wifi_test_result                       0x00005e9c   Section        0  protocol.o(i.wifi_test_result)
    i.wifi_uart_service                      0x00005ec0   Section        0  mcu_api.o(i.wifi_uart_service)
    i.wifi_uart_write_data                   0x00005fb0   Section        0  system.o(i.wifi_uart_write_data)
    wifi_uart_write_data                     0x00005fb1   Thumb Code    40  system.o(i.wifi_uart_write_data)
    i.wifi_uart_write_frame                  0x00005fd8   Section        0  system.o(i.wifi_uart_write_frame)
    i.with_data_rxbuff                       0x0000601c   Section        0  system.o(i.with_data_rxbuff)
    locale$$code                             0x00006038   Section       44  lc_numeric_c.o(locale$$code)
    x$fpl$printf1                            0x00006064   Section       16  printf1.o(x$fpl$printf1)
    .constdata                               0x00006074   Section       28  protocol.o(.constdata)
    x$fpl$usenofp                            0x00006074   Section        0  usenofp.o(x$fpl$usenofp)
    .constdata                               0x00006090   Section       40  _printf_hex_int.o(.constdata)
    uc_hextab                                0x00006090   Data          20  _printf_hex_int.o(.constdata)
    lc_hextab                                0x000060a4   Data          20  _printf_hex_int.o(.constdata)
    .constdata                               0x000060b8   Section       17  __printf_flags_ss_wp.o(.constdata)
    maptable                                 0x000060b8   Data          17  __printf_flags_ss_wp.o(.constdata)
    .constdata                               0x000060c9   Section      128  ddiv.o(.constdata)
    ddiv_reciptbl                            0x000060c9   Data         128  ddiv.o(.constdata)
    .constdata                               0x0000614c   Section      148  bigflt0.o(.constdata)
    tenpwrs_x                                0x0000614c   Data          60  bigflt0.o(.constdata)
    tenpwrs_i                                0x00006188   Data          64  bigflt0.o(.constdata)
    .conststring                             0x000061e0   Section       67  motor.o(.conststring)
    locale$$data                             0x00006244   Section       28  lc_numeric_c.o(locale$$data)
    __lcnum_c_name                           0x00006248   Data           2  lc_numeric_c.o(locale$$data)
    __lcnum_c_start                          0x00006250   Data           0  lc_numeric_c.o(locale$$data)
    __lcnum_c_point                          0x0000625c   Data           0  lc_numeric_c.o(locale$$data)
    __lcnum_c_thousands                      0x0000625e   Data           0  lc_numeric_c.o(locale$$data)
    __lcnum_c_grouping                       0x0000625f   Data           0  lc_numeric_c.o(locale$$data)
    __lcnum_c_end                            0x00006260   Data           0  lc_numeric_c.o(locale$$data)
    .data                                    0x20000000   Section       28  system_cms32f033x.o(.data)
    .data                                    0x2000001c   Section        8  main.o(.data)
    .data                                    0x20000024   Section       39  isr.o(.data)
    U_IntID                                  0x20000030   Data           4  isr.o(.data)
    U_LSRFlag                                0x20000034   Data           4  isr.o(.data)
    U_count                                  0x20000038   Data           4  isr.o(.data)
    time_WDT                                 0x2000003c   Data           1  isr.o(.data)
    key_time_time                            0x2000003d   Data           1  isr.o(.data)
    key_exit_time                            0x2000003e   Data           2  isr.o(.data)
    get_time_time                            0x20000040   Data           2  isr.o(.data)
    cancel_send_feed_error_time              0x20000042   Data           2  isr.o(.data)
    error_uart_time                          0x20000044   Data           2  isr.o(.data)
    motor_led_time                           0x20000046   Data           1  isr.o(.data)
    food_led_time                            0x20000047   Data           1  isr.o(.data)
    feed_led_time                            0x20000048   Data           1  isr.o(.data)
    air_led_time                             0x20000049   Data           1  isr.o(.data)
    led_driver_time                          0x2000004a   Data           1  isr.o(.data)
    .data                                    0x2000004c   Section       18  motor.o(.data)
    .data                                    0x2000005e   Section       11  led.o(.data)
    error_ir_time                            0x20000066   Data           1  led.o(.data)
    atmosphere_lamp_state_old                0x20000067   Data           1  led.o(.data)
    air_det_old                              0x20000068   Data           1  led.o(.data)
    .data                                    0x20000069   Section       22  rtc.o(.data)
    rtc_days_in_month                        0x20000073   Data          12  rtc.o(.data)
    .data                                    0x20000080   Section       58  tuya_wifi.o(.data)
    buzzer_time                              0x200000a6   Data           1  tuya_wifi.o(.data)
    buzzer_flag_1                            0x200000a7   Data           1  tuya_wifi.o(.data)
    key_flag_2                               0x200000a8   Data           1  tuya_wifi.o(.data)
    key_flag_3                               0x200000a9   Data           1  tuya_wifi.o(.data)
    reset_buzz_flag                          0x200000aa   Data           1  tuya_wifi.o(.data)
    reset_buzz_delay                         0x200000ab   Data           1  tuya_wifi.o(.data)
    battery_time                             0x200000ac   Data           2  tuya_wifi.o(.data)
    battery_led_time_slow                    0x200000ae   Data           2  tuya_wifi.o(.data)
    battery_led_time                         0x200000b0   Data           2  tuya_wifi.o(.data)
    battery_off_wifi                         0x200000b2   Data           2  tuya_wifi.o(.data)
    link_time                                0x200000b4   Data           1  tuya_wifi.o(.data)
    link_time_error                          0x200000b6   Data           2  tuya_wifi.o(.data)
    wifi_get_mode_delay_time                 0x200000b8   Data           2  tuya_wifi.o(.data)
    .data                                    0x200000ba   Section        2  feed_process.o(.data)
    .data                                    0x200000bc   Section        1  user_uart.o(.data)
    .data                                    0x200000bd   Section        8  user_flash.o(.data)
    .data                                    0x200000c6   Section        2  mcu_api.o(.data)
    rx_in                                    0x200000c6   Data           2  mcu_api.o(.data)
    .data                                    0x200000c8   Section        4  protocol.o(.data)
    wifi_mode_connect_flag                   0x200000ca   Data           1  protocol.o(.data)
    net_reset_cont                           0x200000cb   Data           1  protocol.o(.data)
    .data                                    0x200000cc   Section       21  system.o(.data)
    mcu_reset_state                          0x200000d8   Data           1  system.o(.data)
    firm_size                                0x200000da   Data           2  system.o(.data)
    firm_length                              0x200000dc   Data           4  system.o(.data)
    firm_update_flag                         0x200000e0   Data           1  system.o(.data)
    .data                                    0x200000e4   Section        8  retarget.o(.data)
    .bss                                     0x200000ec   Section       52  user_flash.o(.bss)
    .bss                                     0x20000120   Section      405  system.o(.bss)
    .bss                                     0x200002b8   Section       96  libspace.o(.bss)
    HEAP                                     0x20000318   Section        0  startup_cms32f033x.o(HEAP)
    STACK                                    0x20000318   Section     2048  startup_cms32f033x.o(STACK)
    Heap_Mem                                 0x20000318   Data           0  startup_cms32f033x.o(HEAP)
    Stack_Mem                                0x20000318   Data        2048  startup_cms32f033x.o(STACK)
    __initial_sp                             0x20000b18   Data           0  startup_cms32f033x.o(STACK)

    Global Symbols

    Symbol Name                              Value     Ov Type        Size  Object(Section)

    BuildAttributes$$THM_ISAv3M$S$PE$A:L22$X:L11$S22$IEEE1$IW$USESV6$~STKCKD$USESV7$~SHL$OTIME$ROPI$IEEEJ$EBA8$UX$STANDARDLIB$REQ8$PRES8$EABIv2 0x00000000   Number         0  anon$$obj.o ABSOLUTE
    __ARM_use_no_argv                        0x00000000   Number         0  main.o ABSOLUTE
    __Vectors                                0x00000000   Data           4  startup_cms32f033x.o(RESET)
    _printf_flags                            0x00000000   Number         0  printf_stubs.o ABSOLUTE
    _printf_return_value                     0x00000000   Number         0  printf_stubs.o ABSOLUTE
    _printf_sizespec                         0x00000000   Number         0  printf_stubs.o ABSOLUTE
    _printf_widthprec                        0x00000000   Number         0  printf_stubs.o ABSOLUTE
    __ARM_exceptions_init                     - Undefined Weak Reference
    __alloca_initialize                       - Undefined Weak Reference
    __arm_preinit_                            - Undefined Weak Reference
    __cpp_initialize__aeabi_                  - Undefined Weak Reference
    __cxa_finalize                            - Undefined Weak Reference
    __sigvec_lookup                           - Undefined Weak Reference
    _atexit_init                              - Undefined Weak Reference
    _call_atexit_fns                          - Undefined Weak Reference
    _clock_init                               - Undefined Weak Reference
    _fp_trap_init                             - Undefined Weak Reference
    _fp_trap_shutdown                         - Undefined Weak Reference
    _get_lc_collate                           - Undefined Weak Reference
    _get_lc_ctype                             - Undefined Weak Reference
    _get_lc_monetary                          - Undefined Weak Reference
    _get_lc_time                              - Undefined Weak Reference
    _getenv_init                              - Undefined Weak Reference
    _handle_redirection                       - Undefined Weak Reference
    _init_alloc                               - Undefined Weak Reference
    _init_user_alloc                          - Undefined Weak Reference
    _initio                                   - Undefined Weak Reference
    _printf_mbtowc                            - Undefined Weak Reference
    _printf_truncate_signed                   - Undefined Weak Reference
    _printf_truncate_unsigned                 - Undefined Weak Reference
    _rand_init                                - Undefined Weak Reference
    _signal_finish                            - Undefined Weak Reference
    _signal_init                              - Undefined Weak Reference
    _terminate_alloc                          - Undefined Weak Reference
    _terminate_user_alloc                     - Undefined Weak Reference
    _terminateio                              - Undefined Weak Reference
    __main                                   0x000000c1   Thumb Code     8  __main.o(!!!main)
    __scatterload                            0x000000c9   Thumb Code     0  __scatter.o(!!!scatter)
    __scatterload_rt2                        0x000000c9   Thumb Code    52  __scatter.o(!!!scatter)
    __scatterload_rt2_thumb_only             0x000000c9   Thumb Code     0  __scatter.o(!!!scatter)
    __scatterload_null                       0x000000d9   Thumb Code     0  __scatter.o(!!!scatter)
    __scatterload_copy                       0x00000105   Thumb Code    26  __scatter_copy.o(!!handler_copy)
    __scatterload_zeroinit                   0x00000121   Thumb Code    28  __scatter_zi.o(!!handler_zi)
    _printf_percent                          0x0000013d   Thumb Code     0  _printf_percent.o(.ARM.Collect$$_printf_percent$$00000000)
    _printf_f                                0x0000013f   Thumb Code     0  _printf_f.o(.ARM.Collect$$_printf_percent$$00000003)
    _printf_d                                0x00000149   Thumb Code     0  _printf_d.o(.ARM.Collect$$_printf_percent$$00000009)
    _printf_x                                0x00000153   Thumb Code     0  _printf_x.o(.ARM.Collect$$_printf_percent$$0000000C)
    _printf_s                                0x0000015d   Thumb Code     0  _printf_s.o(.ARM.Collect$$_printf_percent$$00000014)
    _printf_percent_end                      0x00000167   Thumb Code     0  _printf_percent_end.o(.ARM.Collect$$_printf_percent$$00000017)
    __rt_lib_init                            0x0000016b   Thumb Code     0  libinit.o(.ARM.Collect$$libinit$$00000000)
    __rt_lib_init_fp_1                       0x0000016d   Thumb Code     0  libinit2.o(.ARM.Collect$$libinit$$00000002)
    __rt_lib_init_heap_1                     0x0000016d   Thumb Code     0  libinit2.o(.ARM.Collect$$libinit$$0000000A)
    __rt_lib_init_lc_common                  0x0000016d   Thumb Code     0  libinit2.o(.ARM.Collect$$libinit$$0000000F)
    __rt_lib_init_preinit_1                  0x0000016d   Thumb Code     0  libinit2.o(.ARM.Collect$$libinit$$00000004)
    __rt_lib_init_rand_1                     0x0000016d   Thumb Code     0  libinit2.o(.ARM.Collect$$libinit$$0000000E)
    __rt_lib_init_user_alloc_1               0x0000016d   Thumb Code     0  libinit2.o(.ARM.Collect$$libinit$$0000000C)
    __rt_lib_init_lc_collate_1               0x00000173   Thumb Code     0  libinit2.o(.ARM.Collect$$libinit$$00000011)
    __rt_lib_init_lc_ctype_1                 0x00000173   Thumb Code     0  libinit2.o(.ARM.Collect$$libinit$$00000013)
    __rt_lib_init_lc_monetary_1              0x00000173   Thumb Code     0  libinit2.o(.ARM.Collect$$libinit$$00000015)
    __rt_lib_init_lc_numeric_2               0x00000173   Thumb Code     0  libinit2.o(.ARM.Collect$$libinit$$00000016)
    __rt_lib_init_alloca_1                   0x0000017d   Thumb Code     0  libinit2.o(.ARM.Collect$$libinit$$0000002E)
    __rt_lib_init_argv_1                     0x0000017d   Thumb Code     0  libinit2.o(.ARM.Collect$$libinit$$0000002C)
    __rt_lib_init_atexit_1                   0x0000017d   Thumb Code     0  libinit2.o(.ARM.Collect$$libinit$$0000001B)
    __rt_lib_init_clock_1                    0x0000017d   Thumb Code     0  libinit2.o(.ARM.Collect$$libinit$$00000021)
    __rt_lib_init_cpp_1                      0x0000017d   Thumb Code     0  libinit2.o(.ARM.Collect$$libinit$$00000032)
    __rt_lib_init_exceptions_1               0x0000017d   Thumb Code     0  libinit2.o(.ARM.Collect$$libinit$$00000030)
    __rt_lib_init_fp_trap_1                  0x0000017d   Thumb Code     0  libinit2.o(.ARM.Collect$$libinit$$0000001F)
    __rt_lib_init_getenv_1                   0x0000017d   Thumb Code     0  libinit2.o(.ARM.Collect$$libinit$$00000023)
    __rt_lib_init_lc_numeric_1               0x0000017d   Thumb Code     0  libinit2.o(.ARM.Collect$$libinit$$00000017)
    __rt_lib_init_lc_time_1                  0x0000017d   Thumb Code     0  libinit2.o(.ARM.Collect$$libinit$$00000019)
    __rt_lib_init_return                     0x0000017d   Thumb Code     0  libinit2.o(.ARM.Collect$$libinit$$00000033)
    __rt_lib_init_signal_1                   0x0000017d   Thumb Code     0  libinit2.o(.ARM.Collect$$libinit$$0000001D)
    __rt_lib_init_stdio_1                    0x0000017d   Thumb Code     0  libinit2.o(.ARM.Collect$$libinit$$00000025)
    __rt_lib_shutdown                        0x0000017f   Thumb Code     0  libshutdown.o(.ARM.Collect$$libshutdown$$00000000)
    __rt_lib_shutdown_cpp_1                  0x00000181   Thumb Code     0  libshutdown2.o(.ARM.Collect$$libshutdown$$00000002)
    __rt_lib_shutdown_fp_trap_1              0x00000181   Thumb Code     0  libshutdown2.o(.ARM.Collect$$libshutdown$$00000007)
    __rt_lib_shutdown_heap_1                 0x00000181   Thumb Code     0  libshutdown2.o(.ARM.Collect$$libshutdown$$0000000F)
    __rt_lib_shutdown_return                 0x00000181   Thumb Code     0  libshutdown2.o(.ARM.Collect$$libshutdown$$00000010)
    __rt_lib_shutdown_signal_1               0x00000181   Thumb Code     0  libshutdown2.o(.ARM.Collect$$libshutdown$$0000000A)
    __rt_lib_shutdown_stdio_1                0x00000181   Thumb Code     0  libshutdown2.o(.ARM.Collect$$libshutdown$$00000004)
    __rt_lib_shutdown_user_alloc_1           0x00000181   Thumb Code     0  libshutdown2.o(.ARM.Collect$$libshutdown$$0000000C)
    __rt_entry                               0x00000183   Thumb Code     0  __rtentry.o(.ARM.Collect$$rtentry$$00000000)
    __rt_entry_presh_1                       0x00000183   Thumb Code     0  __rtentry2.o(.ARM.Collect$$rtentry$$00000002)
    __rt_entry_sh                            0x00000183   Thumb Code     0  __rtentry4.o(.ARM.Collect$$rtentry$$00000004)
    __rt_entry_li                            0x00000189   Thumb Code     0  __rtentry2.o(.ARM.Collect$$rtentry$$0000000A)
    __rt_entry_postsh_1                      0x00000189   Thumb Code     0  __rtentry2.o(.ARM.Collect$$rtentry$$00000009)
    __rt_entry_main                          0x0000018d   Thumb Code     0  __rtentry2.o(.ARM.Collect$$rtentry$$0000000D)
    __rt_entry_postli_1                      0x0000018d   Thumb Code     0  __rtentry2.o(.ARM.Collect$$rtentry$$0000000C)
    __rt_exit                                0x00000195   Thumb Code     0  rtexit.o(.ARM.Collect$$rtexit$$00000000)
    __rt_exit_ls                             0x00000197   Thumb Code     0  rtexit2.o(.ARM.Collect$$rtexit$$00000003)
    __rt_exit_prels_1                        0x00000197   Thumb Code     0  rtexit2.o(.ARM.Collect$$rtexit$$00000002)
    __rt_exit_exit                           0x0000019b   Thumb Code     0  rtexit2.o(.ARM.Collect$$rtexit$$00000004)
    __aeabi_memcpy4                          0x000001a1   Thumb Code    56  rt_memcpy.o(.emb_text)
    __aeabi_memcpy8                          0x000001a1   Thumb Code     0  rt_memcpy.o(.emb_text)
    Reset_Handler                            0x000001d9   Thumb Code     8  startup_cms32f033x.o(.text)
    __user_initial_stackheap                 0x000001ed   Thumb Code     0  startup_cms32f033x.o(.text)
    __2printf                                0x0000020d   Thumb Code    22  noretval__2printf.o(.text)
    _printf_pre_padding                      0x00000229   Thumb Code    44  _printf_pad.o(.text)
    _printf_post_padding                     0x00000255   Thumb Code    34  _printf_pad.o(.text)
    _printf_str                              0x00000277   Thumb Code    82  _printf_str.o(.text)
    _printf_int_dec                          0x000002c9   Thumb Code    90  _printf_dec.o(.text)
    _printf_int_hex                          0x00000335   Thumb Code    84  _printf_hex_int.o(.text)
    _printf_longlong_hex                     0x00000335   Thumb Code     0  _printf_hex_int.o(.text)
    __printf                                 0x0000038d   Thumb Code   386  __printf_flags_ss_wp.o(.text)
    __aeabi_memcpy                           0x00000515   Thumb Code   130  rt_memcpy.o(.text)
    __rt_memcpy                              0x00000515   Thumb Code     0  rt_memcpy.o(.text)
    _memset_w                                0x00000597   Thumb Code    26  rt_memclr.o(.text)
    _memset                                  0x000005b1   Thumb Code    30  rt_memclr.o(.text)
    __aeabi_memclr                           0x000005cf   Thumb Code     4  rt_memclr.o(.text)
    __rt_memclr                              0x000005cf   Thumb Code     0  rt_memclr.o(.text)
    __aeabi_memclr4                          0x000005d3   Thumb Code     0  rt_memclr.o(.text)
    __aeabi_memclr8                          0x000005d3   Thumb Code     0  rt_memclr.o(.text)
    __rt_memclr_w                            0x000005d3   Thumb Code     4  rt_memclr.o(.text)
    __aeabi_uidiv                            0x000005d7   Thumb Code     0  aeabi_sdiv.o(.text)
    __aeabi_uidivmod                         0x000005d7   Thumb Code    20  aeabi_sdiv.o(.text)
    __aeabi_idiv                             0x000005eb   Thumb Code     0  aeabi_sdiv.o(.text)
    __aeabi_idivmod                          0x000005eb   Thumb Code   326  aeabi_sdiv.o(.text)
    __use_two_region_memory                  0x00000731   Thumb Code     2  heapauxi.o(.text)
    __rt_heap_escrow$2region                 0x00000733   Thumb Code     2  heapauxi.o(.text)
    __rt_heap_expand$2region                 0x00000735   Thumb Code     2  heapauxi.o(.text)
    __aeabi_d2f                              0x00000739   Thumb Code     0  d2f.o(.text)
    _d2f                                     0x00000739   Thumb Code   120  d2f.o(.text)
    __aeabi_dadd                             0x00000aad   Thumb Code     0  daddsub.o(.text)
    _dadd                                    0x00000aad   Thumb Code    26  daddsub.o(.text)
    __aeabi_dsub                             0x00000ac7   Thumb Code     0  daddsub.o(.text)
    _dsub                                    0x00000ac7   Thumb Code    22  daddsub.o(.text)
    __aeabi_drsub                            0x00000add   Thumb Code     0  daddsub.o(.text)
    _drsb                                    0x00000add   Thumb Code    28  daddsub.o(.text)
    __aeabi_ddiv                             0x00000b0d   Thumb Code     0  ddiv.o(.text)
    _ddiv                                    0x00000b0d   Thumb Code  1072  ddiv.o(.text)
    _drdiv                                   0x00000f3d   Thumb Code    20  ddiv.o(.text)
    __aeabi_d2iz                             0x00000f55   Thumb Code     0  dfixi.o(.text)
    _dfix                                    0x00000f55   Thumb Code    98  dfixi.o(.text)
    __aeabi_i2d_normalise                    0x00000fc1   Thumb Code    66  dflti.o(.text)
    __aeabi_i2d                              0x00001003   Thumb Code    16  dflti.o(.text)
    _dflt                                    0x00001003   Thumb Code     0  dflti.o(.text)
    __aeabi_ui2d                             0x00001013   Thumb Code     6  dflti.o(.text)
    _dfltu                                   0x00001013   Thumb Code     0  dflti.o(.text)
    __aeabi_dmul                             0x00001019   Thumb Code     0  dmul.o(.text)
    _dmul                                    0x00001019   Thumb Code   558  dmul.o(.text)
    __aeabi_f2d                              0x00001261   Thumb Code     0  f2d.o(.text)
    _f2d                                     0x00001261   Thumb Code    80  f2d.o(.text)
    _printf_int_common                       0x000012b5   Thumb Code   176  _printf_intcommon.o(.text)
    __lib_sel_fp_printf                      0x00001365   Thumb Code     2  _printf_fp_dec.o(.text)
    _printf_fp_dec_real                      0x000014ff   Thumb Code   620  _printf_fp_dec.o(.text)
    _printf_cs_common                        0x00001779   Thumb Code    22  _printf_char.o(.text)
    _printf_char                             0x0000178f   Thumb Code    16  _printf_char.o(.text)
    _printf_string                           0x0000179f   Thumb Code     8  _printf_char.o(.text)
    _printf_char_file                        0x000017a9   Thumb Code    34  _printf_char_file.o(.text)
    __rt_udiv10                              0x000017d1   Thumb Code    40  rtudiv10.o(.text)
    __rt_locale                              0x000017f9   Thumb Code     8  rt_locale_intlibspace.o(.text)
    _ll_udiv10                               0x00001801   Thumb Code   122  lludiv10.o(.text)
    _printf_char_common                      0x00001887   Thumb Code    32  _printf_char_common.o(.text)
    _printf_fp_infnan                        0x000018ad   Thumb Code   120  _printf_fp_infnan.o(.text)
    _btod_etento                             0x00001935   Thumb Code   196  bigflt0.o(.text)
    _btod_d2e                                0x000019fd   Thumb Code    64  btod.o(.text)
    _btod_emul                               0x00001df3   Thumb Code    24  btod.o(.text)
    _btod_emuld                              0x00001e0b   Thumb Code    60  btod.o(.text)
    _btod_ediv                               0x00001e47   Thumb Code    22  btod.o(.text)
    _btod_edivd                              0x00001e5d   Thumb Code    60  btod.o(.text)
    __user_libspace                          0x00001ea5   Thumb Code     8  libspace.o(.text)
    __user_perproc_libspace                  0x00001ea5   Thumb Code     0  libspace.o(.text)
    __user_perthread_libspace                0x00001ea5   Thumb Code     0  libspace.o(.text)
    __user_setup_stackheap                   0x00001ead   Thumb Code    62  sys_stackheap_outer.o(.text)
    exit                                     0x00001eeb   Thumb Code    16  exit.o(.text)
    strcmp                                   0x00001efd   Thumb Code   132  strcmp.o(.text)
    ACMP_IRQHandler                          0x00001f85   Thumb Code     2  isr.o(i.ACMP_IRQHandler)
    ADC1_ConfigRunMode                       0x00001f89   Thumb Code    52  adc1.o(i.ADC1_ConfigRunMode)
    ADC1_EnableAdjust                        0x00001fc1   Thumb Code    28  adc1.o(i.ADC1_EnableAdjust)
    ADC1_EnableScanChannel                   0x00001fdd   Thumb Code    22  adc1.o(i.ADC1_EnableScanChannel)
    ADC1_GetResult                           0x00001ff5   Thumb Code    10  adc1.o(i.ADC1_GetResult)
    ADC1_IRQHandler                          0x00002005   Thumb Code     2  isr.o(i.ADC1_IRQHandler)
    ADC1_Start                               0x00002007   Thumb Code    28  adc1.o(i.ADC1_Start)
    ADC1_StartAdjust                         0x00002023   Thumb Code    44  adc1.o(i.ADC1_StartAdjust)
    ADCInit                                  0x00002051   Thumb Code    52  adc1.o(i.ADCInit)
    CCP_IRQHandler                           0x00002089   Thumb Code     2  isr.o(i.CCP_IRQHandler)
    EPWM_ConfigChannelClk                    0x0000208d   Thumb Code    60  epwm.o(i.EPWM_ConfigChannelClk)
    EPWM_ConfigChannelPeriod                 0x000020d1   Thumb Code    48  epwm.o(i.EPWM_ConfigChannelPeriod)
    EPWM_ConfigChannelSymDuty                0x00002105   Thumb Code    74  epwm.o(i.EPWM_ConfigChannelSymDuty)
    EPWM_ConfigLoadAndIntMode                0x00002155   Thumb Code    58  epwm.o(i.EPWM_ConfigLoadAndIntMode)
    EPWM_ConfigRunMode                       0x00002195   Thumb Code    40  epwm.o(i.EPWM_ConfigRunMode)
    EPWM_DisableReverseOutput                0x000021c1   Thumb Code    30  epwm.o(i.EPWM_DisableReverseOutput)
    EPWM_EnableAutoLoadMode                  0x000021e5   Thumb Code    28  epwm.o(i.EPWM_EnableAutoLoadMode)
    EPWM_EnableOutput                        0x00002205   Thumb Code    20  epwm.o(i.EPWM_EnableOutput)
    EPWM_IRQHandler                          0x0000221d   Thumb Code     2  isr.o(i.EPWM_IRQHandler)
    EPWM_Start                               0x00002221   Thumb Code    28  epwm.o(i.EPWM_Start)
    EPWM_Stop                                0x00002241   Thumb Code    36  epwm.o(i.EPWM_Stop)
    FMC_ErasePage                            0x00002269   Thumb Code    62  user_flash.o(i.FMC_ErasePage)
    FMC_Read                                 0x000022ad   Thumb Code    30  user_flash.o(i.FMC_Read)
    FMC_Write                                0x000022d1   Thumb Code    68  user_flash.o(i.FMC_Write)
    GPIO0_IRQHandler                         0x00002319   Thumb Code     2  isr.o(i.GPIO0_IRQHandler)
    GPIO1_IRQHandler                         0x0000231b   Thumb Code     2  isr.o(i.GPIO1_IRQHandler)
    GPIO2_IRQHandler                         0x0000231d   Thumb Code    44  isr.o(i.GPIO2_IRQHandler)
    GPIO3_IRQHandler                         0x00002351   Thumb Code     2  isr.o(i.GPIO3_IRQHandler)
    GPIO4_IRQHandler                         0x00002353   Thumb Code     2  isr.o(i.GPIO4_IRQHandler)
    GPIO_ClearIntFlag                        0x00002355   Thumb Code    12  gpio.o(i.GPIO_ClearIntFlag)
    GPIO_Config                              0x00002361   Thumb Code  1542  user_gpio.o(i.GPIO_Config)
    GPIO_EnableFilter                        0x0000296d   Thumb Code    24  gpio.o(i.GPIO_EnableFilter)
    GPIO_EnableInt                           0x00002985   Thumb Code   110  gpio.o(i.GPIO_EnableInt)
    GPIO_GetIntFlag                          0x000029f3   Thumb Code    22  gpio.o(i.GPIO_GetIntFlag)
    HardFault_Handler                        0x00002a09   Thumb Code     2  isr.o(i.HardFault_Handler)
    I2C_IRQHandler                           0x00002a0b   Thumb Code     2  isr.o(i.I2C_IRQHandler)
    IAP_erase_user                           0x00002a0d   Thumb Code    12  user_flash.o(i.IAP_erase_user)
    IAP_read_user                            0x00002a19   Thumb Code   140  user_flash.o(i.IAP_read_user)
    IAP_write_user                           0x00002aa5   Thumb Code   164  user_flash.o(i.IAP_write_user)
    Jump                                     0x00002b49   Thumb Code    42  main.o(i.Jump)
    LVD_IRQHandler                           0x00002b79   Thumb Code     2  isr.o(i.LVD_IRQHandler)
    NMI_Handler                              0x00002b7b   Thumb Code     2  isr.o(i.NMI_Handler)
    PWMInit                                  0x00002cf9   Thumb Code    78  led.o(i.PWMInit)
    PendSV_Handler                           0x00002d55   Thumb Code     2  isr.o(i.PendSV_Handler)
    SPI_IRQHandler                           0x00002d57   Thumb Code     2  isr.o(i.SPI_IRQHandler)
    SVC_Handler                              0x00002d59   Thumb Code     2  isr.o(i.SVC_Handler)
    SYS_ConfigAHBClock                       0x00002d5d   Thumb Code    50  system_1.o(i.SYS_ConfigAHBClock)
    SYS_ConfigAPBClock                       0x00002d99   Thumb Code    16  system_1.o(i.SYS_ConfigAPBClock)
    SYS_ConfigHSI                            0x00002da9   Thumb Code    32  system_1.o(i.SYS_ConfigHSI)
    SYS_EnableHSI                            0x00002dcd   Thumb Code    24  system_1.o(i.SYS_EnableHSI)
    SYS_EnablePeripheralClk                  0x00002de9   Thumb Code    16  system_1.o(i.SYS_EnablePeripheralClk)
    SYS_GetHSIState                          0x00002df9   Thumb Code    12  system_1.o(i.SYS_GetHSIState)
    SysTick_Handler                          0x00002e05   Thumb Code     2  isr.o(i.SysTick_Handler)
    SystemCoreClockUpdate                    0x00002e09   Thumb Code   116  system_cms32f033x.o(i.SystemCoreClockUpdate)
    SystemInit                               0x00002e8d   Thumb Code     2  system_cms32f033x.o(i.SystemInit)
    TMR0_IRQHandler                          0x00002e91   Thumb Code  1216  isr.o(i.TMR0_IRQHandler)
    TMR1_IRQHandler                          0x00003359   Thumb Code    14  isr.o(i.TMR1_IRQHandler)
    TMR_ClearOverflowIntFlag                 0x0000336d   Thumb Code     6  timer.o(i.TMR_ClearOverflowIntFlag)
    TMR_Config                               0x00003375   Thumb Code   144  user_time.o(i.TMR_Config)
    TMR_ConfigClk                            0x0000340d   Thumb Code    24  timer.o(i.TMR_ConfigClk)
    TMR_ConfigRunMode                        0x00003425   Thumb Code    22  timer.o(i.TMR_ConfigRunMode)
    TMR_DisableOneShotMode                   0x0000343b   Thumb Code    10  timer.o(i.TMR_DisableOneShotMode)
    TMR_EnableOverflowInt                    0x00003445   Thumb Code    10  timer.o(i.TMR_EnableOverflowInt)
    TMR_SetPeriod                            0x0000344f   Thumb Code     4  timer.o(i.TMR_SetPeriod)
    TMR_Start                                0x00003453   Thumb Code    10  timer.o(i.TMR_Start)
    UART0_IRQHandler                         0x0000345d   Thumb Code    90  isr.o(i.UART0_IRQHandler)
    UART1_IRQHandler                         0x000034c5   Thumb Code     2  isr.o(i.UART1_IRQHandler)
    UART_Config                              0x000034c7   Thumb Code    12  user_uart.o(i.UART_Config)
    UART_ConfigRunMode                       0x000034d5   Thumb Code    50  uart.o(i.UART_ConfigRunMode)
    UART_DisableAuto                         0x0000350d   Thumb Code    10  uart.o(i.UART_DisableAuto)
    UART_EnableRBRInt                        0x00003517   Thumb Code    10  uart.o(i.UART_EnableRBRInt)
    UART_EnableTHREInt                       0x00003521   Thumb Code    10  uart.o(i.UART_EnableTHREInt)
    UART_ReadRBR                             0x0000352b   Thumb Code     6  uart.o(i.UART_ReadRBR)
    UART_UART0_Config                        0x00003531   Thumb Code    92  user_uart.o(i.UART_UART0_Config)
    UART_UART1_Config                        0x00003595   Thumb Code    42  user_uart.o(i.UART_UART1_Config)
    UART_WriteTHR                            0x000035c5   Thumb Code     4  uart.o(i.UART_WriteTHR)
    USART0_send_byte                         0x000035c9   Thumb Code    62  user_uart.o(i.USART0_send_byte)
    WDT_ClearOverflowIntFlag                 0x00003615   Thumb Code    22  wdt.o(i.WDT_ClearOverflowIntFlag)
    WDT_ClearWDT                             0x00003639   Thumb Code    22  wdt.o(i.WDT_ClearWDT)
    WDT_ConfigClk                            0x0000365d   Thumb Code    38  wdt.o(i.WDT_ConfigClk)
    WDT_ConfigPeriod                         0x0000368d   Thumb Code    18  wdt.o(i.WDT_ConfigPeriod)
    WDT_EnableRestSystem                     0x000036a9   Thumb Code    32  wdt.o(i.WDT_EnableRestSystem)
    WDT_IRQHandler                           0x000036d1   Thumb Code     2  isr.o(i.WDT_IRQHandler)
    WWDT_IRQHandler                          0x000036d3   Thumb Code     2  isr.o(i.WWDT_IRQHandler)
    __ARM_common_ll_muluu                    0x000036d5   Thumb Code    48  btod.o(i.__ARM_common_ll_muluu)
    __ARM_common_switch8                     0x00003705   Thumb Code    28  isr.o(i.__ARM_common_switch8)
    __ARM_fpclassify                         0x00003721   Thumb Code    40  fpclassify.o(i.__ARM_fpclassify)
    _is_digit                                0x0000374d   Thumb Code    14  __printf_wp.o(i._is_digit)
    _sys_exit                                0x0000375b   Thumb Code     4  retarget.o(i._sys_exit)
    air_escape                               0x00003761   Thumb Code   148  motor.o(i.air_escape)
    air_exhaust                              0x000037fd   Thumb Code   148  motor.o(i.air_exhaust)
    all_data_update                          0x00003899   Thumb Code   108  protocol.o(i.all_data_update)
    battery_isr                              0x00003915   Thumb Code   346  tuya_wifi.o(i.battery_isr)
    buzzer_en_func                           0x00003a99   Thumb Code    24  led.o(i.buzzer_en_func)
    buzzer_func_isr                          0x00003ab1   Thumb Code   306  tuya_wifi.o(i.buzzer_func_isr)
    byte_to_int                              0x00003c09   Thumb Code    26  mcu_api.o(i.byte_to_int)
    check_min_sys_time                       0x00003c25   Thumb Code    86  feed_process.o(i.check_min_sys_time)
    data_handle                              0x00003c85   Thumb Code   416  system.o(i.data_handle)
    delay_ms                                 0x00003e81   Thumb Code    50  user_time.o(i.delay_ms)
    device_state                             0x00003eb5   Thumb Code    82  led.o(i.device_state)
    door_motor_contorl                       0x00003f15   Thumb Code   120  motor.o(i.door_motor_contorl)
    dp_download_handle                       0x00004019   Thumb Code   118  protocol.o(i.dp_download_handle)
    eeprom_data_init                         0x00004199   Thumb Code   140  user_flash.o(i.eeprom_data_init)
    error_task                               0x00004239   Thumb Code   104  led.o(i.error_task)
    feed_key_isr                             0x000042ad   Thumb Code    84  tuya_wifi.o(i.feed_key_isr)
    feed_run                                 0x00004315   Thumb Code   114  feed_process.o(i.feed_run)
    feed_scan                                0x000043a9   Thumb Code   270  feed_process.o(i.feed_scan)
    ferror                                   0x000044d1   Thumb Code     8  retarget.o(i.ferror)
    food_det_isr                             0x000044d9   Thumb Code    84  led.o(i.food_det_isr)
    fputc                                    0x00004539   Thumb Code    52  retarget.o(i.fputc)
    get_check_sum                            0x0000456d   Thumb Code    28  system.o(i.get_check_sum)
    get_download_cmd_total                   0x000045b5   Thumb Code     4  protocol.o(i.get_download_cmd_total)
    get_wifi_status                          0x000045c9   Thumb Code   316  protocol.o(i.get_wifi_status)
    led_task_link                            0x000047b3   Thumb Code    38  led.o(i.led_task_link)
    link_led_isr                             0x000047d9   Thumb Code   200  tuya_wifi.o(i.link_led_isr)
    main                                     0x000048c1   Thumb Code  1470  main.o(i.main)
    mcu_dp_bool_update                       0x00004e85   Thumb Code    98  mcu_api.o(i.mcu_dp_bool_update)
    mcu_dp_enum_update                       0x00004eed   Thumb Code    82  mcu_api.o(i.mcu_dp_enum_update)
    mcu_dp_fault_update                      0x00004f45   Thumb Code   190  mcu_api.o(i.mcu_dp_fault_update)
    mcu_dp_raw_update                        0x0000500d   Thumb Code   106  mcu_api.o(i.mcu_dp_raw_update)
    mcu_dp_value_update                      0x0000507d   Thumb Code   116  mcu_api.o(i.mcu_dp_value_update)
    mcu_get_dp_download_bool                 0x000050f5   Thumb Code     6  mcu_api.o(i.mcu_get_dp_download_bool)
    mcu_get_dp_download_value                0x000050fb   Thumb Code    14  mcu_api.o(i.mcu_get_dp_download_value)
    mcu_get_system_time                      0x00005109   Thumb Code    14  mcu_api.o(i.mcu_get_system_time)
    mcu_get_wifi_connect_status              0x00005117   Thumb Code    14  mcu_api.o(i.mcu_get_wifi_connect_status)
    mcu_reset_wifi                           0x00005125   Thumb Code    20  mcu_api.o(i.mcu_reset_wifi)
    mcu_start_wifitest                       0x0000513d   Thumb Code    14  mcu_api.o(i.mcu_start_wifitest)
    mcu_write_rtctime                        0x0000514d   Thumb Code    82  protocol.o(i.mcu_write_rtctime)
    motor                                    0x000051d9   Thumb Code   374  motor.o(i.motor)
    motor_contorl                            0x000053cd   Thumb Code   120  motor.o(i.motor_contorl)
    motor_door_close                         0x00005445   Thumb Code   276  motor.o(i.motor_door_close)
    motor_door_open                          0x000055bd   Thumb Code   216  motor.o(i.motor_door_open)
    motor_run                                0x000056e5   Thumb Code   292  motor.o(i.motor_run)
    my_memcpy                                0x00005849   Thumb Code    76  mcu_api.o(i.my_memcpy)
    my_memset                                0x00005895   Thumb Code    34  mcu_api.o(i.my_memset)
    my_strlen                                0x000058b7   Thumb Code    28  mcu_api.o(i.my_strlen)
    printf_feed_info                         0x000058d5   Thumb Code   100  user_flash.o(i.printf_feed_info)
    printf_func_info                         0x00005971   Thumb Code    54  user_flash.o(i.printf_func_info)
    printf_rtc                               0x000059f9   Thumb Code    32  rtc.o(i.printf_rtc)
    rtc_init                                 0x00005b29   Thumb Code    12  rtc.o(i.rtc_init)
    rtc_task                                 0x00005b65   Thumb Code   182  rtc.o(i.rtc_task)
    send_feed_info                           0x00005c29   Thumb Code   110  feed_process.o(i.send_feed_info)
    send_feed_state                          0x00005ca1   Thumb Code    66  feed_process.o(i.send_feed_state)
    set_wifi_uart_buffer                     0x00005ce5   Thumb Code    30  system.o(i.set_wifi_uart_buffer)
    set_wifi_uart_byte                       0x00005d09   Thumb Code    12  system.o(i.set_wifi_uart_byte)
    sys_init                                 0x00005d19   Thumb Code    68  main.o(i.sys_init)
    take_byte_rxbuff                         0x00005d61   Thumb Code    46  system.o(i.take_byte_rxbuff)
    uart_receive_input                       0x00005d9d   Thumb Code    74  mcu_api.o(i.uart_receive_input)
    uart_transmit_output                     0x00005df5   Thumb Code    12  protocol.o(i.uart_transmit_output)
    upgrade_package_choose                   0x00005e01   Thumb Code    10  protocol.o(i.upgrade_package_choose)
    user_write_flash                         0x00005e0d   Thumb Code   102  user_flash.o(i.user_write_flash)
    wifi_protocol_init                       0x00005e79   Thumb Code    18  mcu_api.o(i.wifi_protocol_init)
    wifi_test_result                         0x00005e9d   Thumb Code    28  protocol.o(i.wifi_test_result)
    wifi_uart_service                        0x00005ec1   Thumb Code   232  mcu_api.o(i.wifi_uart_service)
    wifi_uart_write_frame                    0x00005fd9   Thumb Code    64  system.o(i.wifi_uart_write_frame)
    with_data_rxbuff                         0x0000601d   Thumb Code    20  system.o(i.with_data_rxbuff)
    _get_lc_numeric                          0x00006039   Thumb Code    44  lc_numeric_c.o(locale$$code)
    _printf_fp_dec                           0x00006065   Thumb Code    16  printf1.o(x$fpl$printf1)
    __I$use$fp                               0x00006074   Number         0  usenofp.o(x$fpl$usenofp)
    download_cmd                             0x00006074   Data          28  protocol.o(.constdata)
    Region$$Table$$Base                      0x00006224   Number         0  anon$$obj.o(Region$$Table)
    Region$$Table$$Limit                     0x00006244   Number         0  anon$$obj.o(Region$$Table)
    SystemCoreClock                          0x20000000   Data           4  system_cms32f033x.o(.data)
    SystemAPBClock                           0x20000004   Data           4  system_cms32f033x.o(.data)
    CyclesPerUs                              0x20000008   Data           4  system_cms32f033x.o(.data)
    HSIClock                                 0x2000000c   Data          16  system_cms32f033x.o(.data)
    net_flag                                 0x2000001c   Data           1  main.o(.data)
    send_feed_flag                           0x2000001d   Data           1  main.o(.data)
    WDT_time                                 0x2000001e   Data           1  main.o(.data)
    com0_flag                                0x2000001f   Data           1  main.o(.data)
    com1_flag                                0x20000020   Data           1  main.o(.data)
    com0_timeout                             0x20000021   Data           1  main.o(.data)
    com1_timeout                             0x20000022   Data           1  main.o(.data)
    get_time_error                           0x20000023   Data           1  main.o(.data)
    spk_reset_flag                           0x20000024   Data           1  isr.o(.data)
    record_flag                              0x20000025   Data           1  isr.o(.data)
    pwr_led_flag                             0x20000026   Data           1  isr.o(.data)
    wifi_test_bink_off_flag                  0x20000027   Data           1  isr.o(.data)
    wifi_test_bink_time_count                0x20000028   Data           1  isr.o(.data)
    RES_KEY_time                             0x2000002a   Data           2  isr.o(.data)
    record_key_flag                          0x2000002c   Data           1  isr.o(.data)
    lock_key_flag                            0x2000002d   Data           1  isr.o(.data)
    feed_error                               0x2000004c   Data           1  motor.o(.data)
    send_error_again                         0x2000004d   Data           1  motor.o(.data)
    feed_detect_sw                           0x2000004e   Data           1  motor.o(.data)
    task_feed_sw                             0x20000050   Data           2  motor.o(.data)
    led_status_allow_feed                    0x20000052   Data           1  motor.o(.data)
    feed_detect_again                        0x20000053   Data           1  motor.o(.data)
    feed_required                            0x20000054   Data           1  motor.o(.data)
    feed_type                                0x20000055   Data           1  motor.o(.data)
    reverse_flag                             0x20000056   Data           1  motor.o(.data)
    food_empty_flag                          0x20000057   Data           1  motor.o(.data)
    feed_info                                0x20000058   Data           5  motor.o(.data)
    door_open                                0x2000005d   Data           1  motor.o(.data)
    task_run_led                             0x2000005e   Data           1  led.o(.data)
    task_delay_led                           0x2000005f   Data           1  led.o(.data)
    task_delay_error                         0x20000060   Data           1  led.o(.data)
    task_run_motor                           0x20000061   Data           1  led.o(.data)
    task_feed_again                          0x20000062   Data           2  led.o(.data)
    ledtime_flag                             0x20000064   Data           1  led.o(.data)
    led_task_static                          0x20000065   Data           1  led.o(.data)
    rtc_date                                 0x20000069   Data           7  rtc.o(.data)
    task_delay_rtc                           0x20000070   Data           1  rtc.o(.data)
    display_time                             0x20000071   Data           1  rtc.o(.data)
    get_time_flag                            0x20000072   Data           1  rtc.o(.data)
    link_led_time                            0x20000080   Data           2  tuya_wifi.o(.data)
    wifi_error_flag                          0x20000082   Data           1  tuya_wifi.o(.data)
    link_led_open                            0x20000083   Data           1  tuya_wifi.o(.data)
    link_led_open_long                       0x20000084   Data           1  tuya_wifi.o(.data)
    wifi_test_flag                           0x20000085   Data           1  tuya_wifi.o(.data)
    wifi_test_bink_time                      0x20000086   Data           1  tuya_wifi.o(.data)
    wifi_tset                                0x20000087   Data           1  tuya_wifi.o(.data)
    wifi_test_start_flag                     0x20000088   Data           1  tuya_wifi.o(.data)
    wifi_get_mode_delay_flag                 0x20000089   Data           1  tuya_wifi.o(.data)
    remaining_change                         0x2000008a   Data           1  tuya_wifi.o(.data)
    SPK_EN_time                              0x2000008b   Data           1  tuya_wifi.o(.data)
    reset_res_time                           0x2000008c   Data           1  tuya_wifi.o(.data)
    rec_time_out                             0x2000008e   Data           2  tuya_wifi.o(.data)
    key_dowm_time                            0x20000090   Data           1  tuya_wifi.o(.data)
    record_timeout_flag                      0x20000091   Data           1  tuya_wifi.o(.data)
    delay_flag                               0x20000092   Data           1  tuya_wifi.o(.data)
    time_delay                               0x20000094   Data           2  tuya_wifi.o(.data)
    key_time                                 0x20000098   Data           4  tuya_wifi.o(.data)
    key_time_flag                            0x2000009c   Data           1  tuya_wifi.o(.data)
    reset_flag                               0x2000009d   Data           1  tuya_wifi.o(.data)
    feed_one_flag_now                        0x2000009e   Data           1  tuya_wifi.o(.data)
    SPK_EN_flag                              0x2000009f   Data           1  tuya_wifi.o(.data)
    lock_key_task                            0x200000a0   Data           1  tuya_wifi.o(.data)
    buzzer_flag                              0x200000a1   Data           1  tuya_wifi.o(.data)
    battery_flag                             0x200000a2   Data           1  tuya_wifi.o(.data)
    battery_empty_flag                       0x200000a3   Data           1  tuya_wifi.o(.data)
    battery_empty_result                     0x200000a4   Data           1  tuya_wifi.o(.data)
    battery_percent                          0x200000a5   Data           1  tuya_wifi.o(.data)
    cancel_send_feed_error                   0x200000ba   Data           1  feed_process.o(.data)
    rtc_date_change                          0x200000bb   Data           1  feed_process.o(.data)
    F_transmit_0                             0x200000bc   Data           1  user_uart.o(.data)
    func_flag                                0x200000bd   Data           4  user_flash.o(.data)
    func_flag_default                        0x200000c1   Data           4  user_flash.o(.data)
    atmosphere_lamp_state                    0x200000c8   Data           1  protocol.o(.data)
    buzzer_enable_flag                       0x200000c9   Data           1  protocol.o(.data)
    rx_buf_in                                0x200000cc   Data           4  system.o(.data)
    rx_buf_out                               0x200000d0   Data           4  system.o(.data)
    stop_update_flag                         0x200000d4   Data           1  system.o(.data)
    reset_wifi_flag                          0x200000d5   Data           1  system.o(.data)
    set_wifimode_flag                        0x200000d6   Data           1  system.o(.data)
    wifi_work_state                          0x200000d7   Data           1  system.o(.data)
    __stdout                                 0x200000e4   Data           4  retarget.o(.data)
    __stdin                                  0x200000e8   Data           4  retarget.o(.data)
    flash_feed_info                          0x200000ec   Data          52  user_flash.o(.bss)
    wifi_data_process_buf                    0x20000120   Data         135  system.o(.bss)
    wifi_uart_rx_buf                         0x200001a7   Data         135  system.o(.bss)
    wifi_uart_tx_buf                         0x2000022e   Data         135  system.o(.bss)
    __libspace_start                         0x200002b8   Data          96  libspace.o(.bss)
    __temporary_stack_top$libspace           0x20000318   Data           0  libspace.o(.bss)



==============================================================================

Memory Map of the image

  Image Entry point : 0x000000c1

  Load Region LR_IROM1 (Base: 0x00000000, Size: 0x0000634c, Max: 0x00008000, ABSOLUTE)

    Execution Region ER_IROM1 (Base: 0x00000000, Size: 0x00006260, Max: 0x00008000, ABSOLUTE)

    Base Addr    Size         Type   Attr      Idx    E Section Name        Object

    0x00000000   0x000000c0   Data   RO            3    RESET               startup_cms32f033x.o
    0x000000c0   0x00000008   Code   RO         3321  * !!!main             c_p.l(__main.o)
    0x000000c8   0x0000003c   Code   RO         3544    !!!scatter          c_p.l(__scatter.o)
    0x00000104   0x0000001a   Code   RO         3546    !!handler_copy      c_p.l(__scatter_copy.o)
    0x0000011e   0x00000002   PAD
    0x00000120   0x0000001c   Code   RO         3548    !!handler_zi        c_p.l(__scatter_zi.o)
    0x0000013c   0x00000002   Code   RO         3308    .ARM.Collect$$_printf_percent$$00000000  c_p.l(_printf_percent.o)
    0x0000013e   0x0000000a   Code   RO         3307    .ARM.Collect$$_printf_percent$$00000003  c_p.l(_printf_f.o)
    0x00000148   0x0000000a   Code   RO         3306    .ARM.Collect$$_printf_percent$$00000009  c_p.l(_printf_d.o)
    0x00000152   0x0000000a   Code   RO         3305    .ARM.Collect$$_printf_percent$$0000000C  c_p.l(_printf_x.o)
    0x0000015c   0x0000000a   Code   RO         3304    .ARM.Collect$$_printf_percent$$00000014  c_p.l(_printf_s.o)
    0x00000166   0x00000004   Code   RO         3353    .ARM.Collect$$_printf_percent$$00000017  c_p.l(_printf_percent_end.o)
    0x0000016a   0x00000002   Code   RO         3420    .ARM.Collect$$libinit$$00000000  c_p.l(libinit.o)
    0x0000016c   0x00000000   Code   RO         3422    .ARM.Collect$$libinit$$00000002  c_p.l(libinit2.o)
    0x0000016c   0x00000000   Code   RO         3424    .ARM.Collect$$libinit$$00000004  c_p.l(libinit2.o)
    0x0000016c   0x00000000   Code   RO         3427    .ARM.Collect$$libinit$$0000000A  c_p.l(libinit2.o)
    0x0000016c   0x00000000   Code   RO         3429    .ARM.Collect$$libinit$$0000000C  c_p.l(libinit2.o)
    0x0000016c   0x00000000   Code   RO         3431    .ARM.Collect$$libinit$$0000000E  c_p.l(libinit2.o)
    0x0000016c   0x00000006   Code   RO         3432    .ARM.Collect$$libinit$$0000000F  c_p.l(libinit2.o)
    0x00000172   0x00000000   Code   RO         3434    .ARM.Collect$$libinit$$00000011  c_p.l(libinit2.o)
    0x00000172   0x00000000   Code   RO         3436    .ARM.Collect$$libinit$$00000013  c_p.l(libinit2.o)
    0x00000172   0x00000000   Code   RO         3438    .ARM.Collect$$libinit$$00000015  c_p.l(libinit2.o)
    0x00000172   0x0000000a   Code   RO         3439    .ARM.Collect$$libinit$$00000016  c_p.l(libinit2.o)
    0x0000017c   0x00000000   Code   RO         3440    .ARM.Collect$$libinit$$00000017  c_p.l(libinit2.o)
    0x0000017c   0x00000000   Code   RO         3442    .ARM.Collect$$libinit$$00000019  c_p.l(libinit2.o)
    0x0000017c   0x00000000   Code   RO         3444    .ARM.Collect$$libinit$$0000001B  c_p.l(libinit2.o)
    0x0000017c   0x00000000   Code   RO         3446    .ARM.Collect$$libinit$$0000001D  c_p.l(libinit2.o)
    0x0000017c   0x00000000   Code   RO         3448    .ARM.Collect$$libinit$$0000001F  c_p.l(libinit2.o)
    0x0000017c   0x00000000   Code   RO         3450    .ARM.Collect$$libinit$$00000021  c_p.l(libinit2.o)
    0x0000017c   0x00000000   Code   RO         3452    .ARM.Collect$$libinit$$00000023  c_p.l(libinit2.o)
    0x0000017c   0x00000000   Code   RO         3454    .ARM.Collect$$libinit$$00000025  c_p.l(libinit2.o)
    0x0000017c   0x00000000   Code   RO         3458    .ARM.Collect$$libinit$$0000002C  c_p.l(libinit2.o)
    0x0000017c   0x00000000   Code   RO         3460    .ARM.Collect$$libinit$$0000002E  c_p.l(libinit2.o)
    0x0000017c   0x00000000   Code   RO         3462    .ARM.Collect$$libinit$$00000030  c_p.l(libinit2.o)
    0x0000017c   0x00000000   Code   RO         3464    .ARM.Collect$$libinit$$00000032  c_p.l(libinit2.o)
    0x0000017c   0x00000002   Code   RO         3465    .ARM.Collect$$libinit$$00000033  c_p.l(libinit2.o)
    0x0000017e   0x00000002   Code   RO         3506    .ARM.Collect$$libshutdown$$00000000  c_p.l(libshutdown.o)
    0x00000180   0x00000000   Code   RO         3527    .ARM.Collect$$libshutdown$$00000002  c_p.l(libshutdown2.o)
    0x00000180   0x00000000   Code   RO         3529    .ARM.Collect$$libshutdown$$00000004  c_p.l(libshutdown2.o)
    0x00000180   0x00000000   Code   RO         3532    .ARM.Collect$$libshutdown$$00000007  c_p.l(libshutdown2.o)
    0x00000180   0x00000000   Code   RO         3535    .ARM.Collect$$libshutdown$$0000000A  c_p.l(libshutdown2.o)
    0x00000180   0x00000000   Code   RO         3537    .ARM.Collect$$libshutdown$$0000000C  c_p.l(libshutdown2.o)
    0x00000180   0x00000000   Code   RO         3540    .ARM.Collect$$libshutdown$$0000000F  c_p.l(libshutdown2.o)
    0x00000180   0x00000002   Code   RO         3541    .ARM.Collect$$libshutdown$$00000010  c_p.l(libshutdown2.o)
    0x00000182   0x00000000   Code   RO         3340    .ARM.Collect$$rtentry$$00000000  c_p.l(__rtentry.o)
    0x00000182   0x00000000   Code   RO         3358    .ARM.Collect$$rtentry$$00000002  c_p.l(__rtentry2.o)
    0x00000182   0x00000006   Code   RO         3370    .ARM.Collect$$rtentry$$00000004  c_p.l(__rtentry4.o)
    0x00000188   0x00000000   Code   RO         3360    .ARM.Collect$$rtentry$$00000009  c_p.l(__rtentry2.o)
    0x00000188   0x00000004   Code   RO         3361    .ARM.Collect$$rtentry$$0000000A  c_p.l(__rtentry2.o)
    0x0000018c   0x00000000   Code   RO         3363    .ARM.Collect$$rtentry$$0000000C  c_p.l(__rtentry2.o)
    0x0000018c   0x00000008   Code   RO         3364    .ARM.Collect$$rtentry$$0000000D  c_p.l(__rtentry2.o)
    0x00000194   0x00000002   Code   RO         3467    .ARM.Collect$$rtexit$$00000000  c_p.l(rtexit.o)
    0x00000196   0x00000000   Code   RO         3480    .ARM.Collect$$rtexit$$00000002  c_p.l(rtexit2.o)
    0x00000196   0x00000004   Code   RO         3481    .ARM.Collect$$rtexit$$00000003  c_p.l(rtexit2.o)
    0x0000019a   0x00000006   Code   RO         3482    .ARM.Collect$$rtexit$$00000004  c_p.l(rtexit2.o)
    0x000001a0   0x00000038   Code   RO         3309    .emb_text           c_p.l(rt_memcpy.o)
    0x000001d8   0x00000034   Code   RO            4    .text               startup_cms32f033x.o
    0x0000020c   0x0000001c   Code   RO         3253    .text               c_p.l(noretval__2printf.o)
    0x00000228   0x0000004e   Code   RO         3257    .text               c_p.l(_printf_pad.o)
    0x00000276   0x00000052   Code   RO         3259    .text               c_p.l(_printf_str.o)
    0x000002c8   0x0000006c   Code   RO         3261    .text               c_p.l(_printf_dec.o)
    0x00000334   0x00000058   Code   RO         3266    .text               c_p.l(_printf_hex_int.o)
    0x0000038c   0x00000188   Code   RO         3301    .text               c_p.l(__printf_flags_ss_wp.o)
    0x00000514   0x00000082   Code   RO         3310    .text               c_p.l(rt_memcpy.o)
    0x00000596   0x00000040   Code   RO         3313    .text               c_p.l(rt_memclr.o)
    0x000005d6   0x0000015a   Code   RO         3315    .text               c_p.l(aeabi_sdiv.o)
    0x00000730   0x00000006   Code   RO         3319    .text               c_p.l(heapauxi.o)
    0x00000736   0x00000002   PAD
    0x00000738   0x0000007c   Code   RO         3323    .text               fz_ps.l(d2f.o)
    0x000007b4   0x00000358   Code   RO         3325    .text               fz_ps.l(daddsub.o)
    0x00000b0c   0x00000448   Code   RO         3327    .text               fz_ps.l(ddiv.o)
    0x00000f54   0x0000006c   Code   RO         3330    .text               fz_ps.l(dfixi.o)
    0x00000fc0   0x00000058   Code   RO         3332    .text               fz_ps.l(dflti.o)
    0x00001018   0x00000248   Code   RO         3334    .text               fz_ps.l(dmul.o)
    0x00001260   0x00000054   Code   RO         3336    .text               fz_ps.l(f2d.o)
    0x000012b4   0x000000b0   Code   RO         3345    .text               c_p.l(_printf_intcommon.o)
    0x00001364   0x00000414   Code   RO         3347    .text               c_p.l(_printf_fp_dec.o)
    0x00001778   0x0000002e   Code   RO         3349    .text               c_p.l(_printf_char.o)
    0x000017a6   0x00000002   PAD
    0x000017a8   0x00000028   Code   RO         3351    .text               c_p.l(_printf_char_file.o)
    0x000017d0   0x00000028   Code   RO         3354    .text               c_p.l(rtudiv10.o)
    0x000017f8   0x00000008   Code   RO         3377    .text               c_p.l(rt_locale_intlibspace.o)
    0x00001800   0x0000007a   Code   RO         3379    .text               c_p.l(lludiv10.o)
    0x0000187a   0x00000002   PAD
    0x0000187c   0x00000030   Code   RO         3381    .text               c_p.l(_printf_char_common.o)
    0x000018ac   0x00000088   Code   RO         3383    .text               c_p.l(_printf_fp_infnan.o)
    0x00001934   0x000000c8   Code   RO         3385    .text               c_p.l(bigflt0.o)
    0x000019fc   0x000004a8   Code   RO         3388    .text               c_p.l(btod.o)
    0x00001ea4   0x00000008   Code   RO         3399    .text               c_p.l(libspace.o)
    0x00001eac   0x0000003e   Code   RO         3402    .text               c_p.l(sys_stackheap_outer.o)
    0x00001eea   0x00000010   Code   RO         3407    .text               c_p.l(exit.o)
    0x00001efa   0x00000002   PAD
    0x00001efc   0x00000088   Code   RO         3413    .text               c_p.l(strcmp.o)
    0x00001f84   0x00000002   Code   RO          216    i.ACMP_IRQHandler   isr.o
    0x00001f86   0x00000002   PAD
    0x00001f88   0x00000038   Code   RO         1427    i.ADC1_ConfigRunMode  adc1.o
    0x00001fc0   0x0000001c   Code   RO         1434    i.ADC1_EnableAdjust  adc1.o
    0x00001fdc   0x00000016   Code   RO         1440    i.ADC1_EnableScanChannel  adc1.o
    0x00001ff2   0x00000002   PAD
    0x00001ff4   0x00000010   Code   RO         1446    i.ADC1_GetResult    adc1.o
    0x00002004   0x00000002   Code   RO          217    i.ADC1_IRQHandler   isr.o
    0x00002006   0x0000001c   Code   RO         1448    i.ADC1_Start        adc1.o
    0x00002022   0x0000002c   Code   RO         1449    i.ADC1_StartAdjust  adc1.o
    0x0000204e   0x00000002   PAD
    0x00002050   0x00000038   Code   RO         1451    i.ADCInit           adc1.o
    0x00002088   0x00000002   Code   RO          218    i.CCP_IRQHandler    isr.o
    0x0000208a   0x00000002   PAD
    0x0000208c   0x00000044   Code   RO         1883    i.EPWM_ConfigChannelClk  epwm.o
    0x000020d0   0x00000034   Code   RO         1884    i.EPWM_ConfigChannelPeriod  epwm.o
    0x00002104   0x00000050   Code   RO         1885    i.EPWM_ConfigChannelSymDuty  epwm.o
    0x00002154   0x00000040   Code   RO         1886    i.EPWM_ConfigLoadAndIntMode  epwm.o
    0x00002194   0x0000002c   Code   RO         1887    i.EPWM_ConfigRunMode  epwm.o
    0x000021c0   0x00000024   Code   RO         1892    i.EPWM_DisableReverseOutput  epwm.o
    0x000021e4   0x00000020   Code   RO         1895    i.EPWM_EnableAutoLoadMode  epwm.o
    0x00002204   0x00000018   Code   RO         1899    i.EPWM_EnableOutput  epwm.o
    0x0000221c   0x00000002   Code   RO          219    i.EPWM_IRQHandler   isr.o
    0x0000221e   0x00000002   PAD
    0x00002220   0x00000020   Code   RO         1909    i.EPWM_Start        epwm.o
    0x00002240   0x00000028   Code   RO         1910    i.EPWM_Stop         epwm.o
    0x00002268   0x00000044   Code   RO          808    i.FMC_ErasePage     user_flash.o
    0x000022ac   0x00000024   Code   RO          809    i.FMC_Read          user_flash.o
    0x000022d0   0x00000048   Code   RO          810    i.FMC_Write         user_flash.o
    0x00002318   0x00000002   Code   RO          220    i.GPIO0_IRQHandler  isr.o
    0x0000231a   0x00000002   Code   RO          221    i.GPIO1_IRQHandler  isr.o
    0x0000231c   0x00000034   Code   RO          222    i.GPIO2_IRQHandler  isr.o
    0x00002350   0x00000002   Code   RO          223    i.GPIO3_IRQHandler  isr.o
    0x00002352   0x00000002   Code   RO          224    i.GPIO4_IRQHandler  isr.o
    0x00002354   0x0000000c   Code   RO         2104    i.GPIO_ClearIntFlag  gpio.o
    0x00002360   0x0000060c   Code   RO          672    i.GPIO_Config       user_gpio.o
    0x0000296c   0x00000018   Code   RO         2108    i.GPIO_EnableFilter  gpio.o
    0x00002984   0x0000006e   Code   RO         2109    i.GPIO_EnableInt    gpio.o
    0x000029f2   0x00000016   Code   RO         2110    i.GPIO_GetIntFlag   gpio.o
    0x00002a08   0x00000002   Code   RO          225    i.HardFault_Handler  isr.o
    0x00002a0a   0x00000002   Code   RO          226    i.I2C_IRQHandler    isr.o
    0x00002a0c   0x0000000c   Code   RO          811    i.IAP_erase_user    user_flash.o
    0x00002a18   0x0000008c   Code   RO          812    i.IAP_read_user     user_flash.o
    0x00002aa4   0x000000a4   Code   RO          813    i.IAP_write_user    user_flash.o
    0x00002b48   0x00000030   Code   RO          111    i.Jump              main.o
    0x00002b78   0x00000002   Code   RO          227    i.LVD_IRQHandler    isr.o
    0x00002b7a   0x00000002   Code   RO          228    i.NMI_Handler       isr.o
    0x00002b7c   0x00000014   Code   RO          700    i.NVIC_EnableIRQ    user_time.o
    0x00002b90   0x00000078   Code   RO          673    i.NVIC_SetPriority  user_gpio.o
    0x00002c08   0x00000078   Code   RO          701    i.NVIC_SetPriority  user_time.o
    0x00002c80   0x00000078   Code   RO          751    i.NVIC_SetPriority  user_uart.o
    0x00002cf8   0x0000005c   Code   RO          462    i.PWMInit           led.o
    0x00002d54   0x00000002   Code   RO          229    i.PendSV_Handler    isr.o
    0x00002d56   0x00000002   Code   RO          230    i.SPI_IRQHandler    isr.o
    0x00002d58   0x00000002   Code   RO          231    i.SVC_Handler       isr.o
    0x00002d5a   0x00000002   PAD
    0x00002d5c   0x0000003c   Code   RO         2648    i.SYS_ConfigAHBClock  system_1.o
    0x00002d98   0x00000010   Code   RO         2649    i.SYS_ConfigAPBClock  system_1.o
    0x00002da8   0x00000024   Code   RO         2651    i.SYS_ConfigHSI     system_1.o
    0x00002dcc   0x0000001c   Code   RO         2659    i.SYS_EnableHSI     system_1.o
    0x00002de8   0x00000010   Code   RO         2661    i.SYS_EnablePeripheralClk  system_1.o
    0x00002df8   0x0000000c   Code   RO         2665    i.SYS_GetHSIState   system_1.o
    0x00002e04   0x00000002   Code   RO          232    i.SysTick_Handler   isr.o
    0x00002e06   0x00000002   PAD
    0x00002e08   0x00000084   Code   RO           12    i.SystemCoreClockUpdate  system_cms32f033x.o
    0x00002e8c   0x00000002   Code   RO           13    i.SystemInit        system_cms32f033x.o
    0x00002e8e   0x00000002   PAD
    0x00002e90   0x000004c8   Code   RO          233    i.TMR0_IRQHandler   isr.o
    0x00003358   0x00000014   Code   RO          234    i.TMR1_IRQHandler   isr.o
    0x0000336c   0x00000006   Code   RO         2805    i.TMR_ClearOverflowIntFlag  timer.o
    0x00003372   0x00000002   PAD
    0x00003374   0x00000098   Code   RO          702    i.TMR_Config        user_time.o
    0x0000340c   0x00000018   Code   RO         2806    i.TMR_ConfigClk     timer.o
    0x00003424   0x00000016   Code   RO         2807    i.TMR_ConfigRunMode  timer.o
    0x0000343a   0x0000000a   Code   RO         2808    i.TMR_DisableOneShotMode  timer.o
    0x00003444   0x0000000a   Code   RO         2811    i.TMR_EnableOverflowInt  timer.o
    0x0000344e   0x00000004   Code   RO         2814    i.TMR_SetPeriod     timer.o
    0x00003452   0x0000000a   Code   RO         2815    i.TMR_Start         timer.o
    0x0000345c   0x00000068   Code   RO          235    i.UART0_IRQHandler  isr.o
    0x000034c4   0x00000002   Code   RO          236    i.UART1_IRQHandler  isr.o
    0x000034c6   0x0000000c   Code   RO          752    i.UART_Config       user_uart.o
    0x000034d2   0x00000002   PAD
    0x000034d4   0x00000038   Code   RO         2891    i.UART_ConfigRunMode  uart.o
    0x0000350c   0x0000000a   Code   RO         2892    i.UART_DisableAuto  uart.o
    0x00003516   0x0000000a   Code   RO         2909    i.UART_EnableRBRInt  uart.o
    0x00003520   0x0000000a   Code   RO         2913    i.UART_EnableTHREInt  uart.o
    0x0000352a   0x00000006   Code   RO         2920    i.UART_ReadRBR      uart.o
    0x00003530   0x00000064   Code   RO          753    i.UART_UART0_Config  user_uart.o
    0x00003594   0x00000030   Code   RO          754    i.UART_UART1_Config  user_uart.o
    0x000035c4   0x00000004   Code   RO         2923    i.UART_WriteTHR     uart.o
    0x000035c8   0x0000004c   Code   RO          755    i.USART0_send_byte  user_uart.o
    0x00003614   0x00000024   Code   RO         3103    i.WDT_ClearOverflowIntFlag  wdt.o
    0x00003638   0x00000024   Code   RO         3104    i.WDT_ClearWDT      wdt.o
    0x0000365c   0x00000030   Code   RO         3105    i.WDT_ConfigClk     wdt.o
    0x0000368c   0x0000001c   Code   RO         3106    i.WDT_ConfigPeriod  wdt.o
    0x000036a8   0x00000028   Code   RO         3110    i.WDT_EnableRestSystem  wdt.o
    0x000036d0   0x00000002   Code   RO          237    i.WDT_IRQHandler    isr.o
    0x000036d2   0x00000002   Code   RO          238    i.WWDT_IRQHandler   isr.o
    0x000036d4   0x00000030   Code   RO         3390    i.__ARM_common_ll_muluu  c_p.l(btod.o)
    0x00003704   0x0000001c   Code   RO          366    i.__ARM_common_switch8  isr.o
    0x00003720   0x0000002c   Code   RO         3397    i.__ARM_fpclassify  m_ps.l(fpclassify.o)
    0x0000374c   0x0000000e   Code   RO         3294    i._is_digit         c_p.l(__printf_wp.o)
    0x0000375a   0x00000004   Code   RO         2480    i._sys_exit         retarget.o
    0x0000375e   0x00000002   PAD
    0x00003760   0x0000009c   Code   RO          388    i.air_escape        motor.o
    0x000037fc   0x0000009c   Code   RO          389    i.air_exhaust       motor.o
    0x00003898   0x0000007c   Code   RO         1074    i.all_data_update   protocol.o
    0x00003914   0x00000184   Code   RO          577    i.battery_isr       tuya_wifi.o
    0x00003a98   0x00000018   Code   RO          463    i.buzzer_en_func    led.o
    0x00003ab0   0x00000158   Code   RO          578    i.buzzer_func_isr   tuya_wifi.o
    0x00003c08   0x0000001a   Code   RO          904    i.byte_to_int       mcu_api.o
    0x00003c22   0x00000002   PAD
    0x00003c24   0x00000060   Code   RO          622    i.check_min_sys_time  feed_process.o
    0x00003c84   0x000001bc   Code   RO         1174    i.data_handle       system.o
    0x00003e40   0x00000040   Code   RO         1175    i.data_point_handle  system.o
    0x00003e80   0x00000032   Code   RO          704    i.delay_ms          user_time.o
    0x00003eb2   0x00000002   PAD
    0x00003eb4   0x00000060   Code   RO          464    i.device_state      led.o
    0x00003f14   0x00000078   Code   RO          390    i.door_motor_contorl  motor.o
    0x00003f8c   0x00000030   Code   RO         1075    i.dp_download_atmosphere_lamp_handle  protocol.o
    0x00003fbc   0x00000030   Code   RO         1076    i.dp_download_buzzer_switch_handle  protocol.o
    0x00003fec   0x0000002c   Code   RO         1077    i.dp_download_factory_reset_handle  protocol.o
    0x00004018   0x00000076   Code   RO         1078    i.dp_download_handle  protocol.o
    0x0000408e   0x00000002   PAD
    0x00004090   0x00000068   Code   RO         1079    i.dp_download_manual_feed_handle  protocol.o
    0x000040f8   0x00000048   Code   RO         1080    i.dp_download_meal_plan_handle  protocol.o
    0x00004140   0x00000056   Code   RO         1081    i.dp_download_vacuum_switch_handle  protocol.o
    0x00004196   0x00000002   PAD
    0x00004198   0x000000a0   Code   RO          814    i.eeprom_data_init  user_flash.o
    0x00004238   0x00000074   Code   RO          465    i.error_task        led.o
    0x000042ac   0x00000068   Code   RO          579    i.feed_key_isr      tuya_wifi.o
    0x00004314   0x00000094   Code   RO          623    i.feed_run          feed_process.o
    0x000043a8   0x00000128   Code   RO          624    i.feed_scan         feed_process.o
    0x000044d0   0x00000008   Code   RO         2482    i.ferror            retarget.o
    0x000044d8   0x00000060   Code   RO          466    i.food_det_isr      led.o
    0x00004538   0x00000034   Code   RO         2484    i.fputc             retarget.o
    0x0000456c   0x0000001c   Code   RO         1176    i.get_check_sum     system.o
    0x00004588   0x0000002c   Code   RO         1177    i.get_dowmload_dpid_index  system.o
    0x000045b4   0x00000004   Code   RO         1082    i.get_download_cmd_total  protocol.o
    0x000045b8   0x00000010   Code   RO         1178    i.get_mcu_wifi_mode  system.o
    0x000045c8   0x0000017c   Code   RO         1083    i.get_wifi_status   protocol.o
    0x00004744   0x00000038   Code   RO         1179    i.heat_beat_check   system.o
    0x0000477c   0x00000036   Code   RO          528    i.is_leap_year      rtc.o
    0x000047b2   0x00000026   Code   RO          468    i.led_task_link     led.o
    0x000047d8   0x000000e8   Code   RO          580    i.link_led_isr      tuya_wifi.o
    0x000048c0   0x000005c4   Code   RO          112    i.main              main.o
    0x00004e84   0x00000068   Code   RO          905    i.mcu_dp_bool_update  mcu_api.o
    0x00004eec   0x00000058   Code   RO          906    i.mcu_dp_enum_update  mcu_api.o
    0x00004f44   0x000000c8   Code   RO          907    i.mcu_dp_fault_update  mcu_api.o
    0x0000500c   0x00000070   Code   RO          908    i.mcu_dp_raw_update  mcu_api.o
    0x0000507c   0x00000078   Code   RO          909    i.mcu_dp_value_update  mcu_api.o
    0x000050f4   0x00000006   Code   RO          910    i.mcu_get_dp_download_bool  mcu_api.o
    0x000050fa   0x0000000e   Code   RO          911    i.mcu_get_dp_download_value  mcu_api.o
    0x00005108   0x0000000e   Code   RO          912    i.mcu_get_system_time  mcu_api.o
    0x00005116   0x0000000e   Code   RO          913    i.mcu_get_wifi_connect_status  mcu_api.o
    0x00005124   0x00000018   Code   RO          914    i.mcu_reset_wifi    mcu_api.o
    0x0000513c   0x0000000e   Code   RO          915    i.mcu_start_wifitest  mcu_api.o
    0x0000514a   0x00000002   PAD
    0x0000514c   0x0000008c   Code   RO         1084    i.mcu_write_rtctime  protocol.o
    0x000051d8   0x000001f4   Code   RO          391    i.motor             motor.o
    0x000053cc   0x00000078   Code   RO          392    i.motor_contorl     motor.o
    0x00005444   0x00000178   Code   RO          393    i.motor_door_close  motor.o
    0x000055bc   0x00000128   Code   RO          394    i.motor_door_open   motor.o
    0x000056e4   0x00000164   Code   RO          395    i.motor_run         motor.o
    0x00005848   0x0000004c   Code   RO          916    i.my_memcpy         mcu_api.o
    0x00005894   0x00000022   Code   RO          917    i.my_memset         mcu_api.o
    0x000058b6   0x0000001c   Code   RO          918    i.my_strlen         mcu_api.o
    0x000058d2   0x00000002   PAD
    0x000058d4   0x0000009c   Code   RO          815    i.printf_feed_info  user_flash.o
    0x00005970   0x00000088   Code   RO          816    i.printf_func_info  user_flash.o
    0x000059f8   0x00000050   Code   RO          529    i.printf_rtc        rtc.o
    0x00005a48   0x000000e0   Code   RO         1180    i.product_info_update  system.o
    0x00005b28   0x00000010   Code   RO          530    i.rtc_init          rtc.o
    0x00005b38   0x0000002c   Code   RO          531    i.rtc_month_days    rtc.o
    0x00005b64   0x000000c4   Code   RO          532    i.rtc_task          rtc.o
    0x00005c28   0x00000078   Code   RO          625    i.send_feed_info    feed_process.o
    0x00005ca0   0x00000042   Code   RO          626    i.send_feed_state   feed_process.o
    0x00005ce2   0x00000002   PAD
    0x00005ce4   0x00000024   Code   RO         1181    i.set_wifi_uart_buffer  system.o
    0x00005d08   0x00000010   Code   RO         1182    i.set_wifi_uart_byte  system.o
    0x00005d18   0x00000048   Code   RO          113    i.sys_init          main.o
    0x00005d60   0x0000003c   Code   RO         1183    i.take_byte_rxbuff  system.o
    0x00005d9c   0x00000058   Code   RO          919    i.uart_receive_input  mcu_api.o
    0x00005df4   0x0000000c   Code   RO         1085    i.uart_transmit_output  protocol.o
    0x00005e00   0x0000000a   Code   RO         1086    i.upgrade_package_choose  protocol.o
    0x00005e0a   0x00000002   PAD
    0x00005e0c   0x0000006c   Code   RO          817    i.user_write_flash  user_flash.o
    0x00005e78   0x00000024   Code   RO          920    i.wifi_protocol_init  mcu_api.o
    0x00005e9c   0x00000024   Code   RO         1087    i.wifi_test_result  protocol.o
    0x00005ec0   0x000000f0   Code   RO          921    i.wifi_uart_service  mcu_api.o
    0x00005fb0   0x00000028   Code   RO         1184    i.wifi_uart_write_data  system.o
    0x00005fd8   0x00000044   Code   RO         1185    i.wifi_uart_write_frame  system.o
    0x0000601c   0x0000001c   Code   RO         1186    i.with_data_rxbuff  system.o
    0x00006038   0x0000002c   Code   RO         3393    locale$$code        c_p.l(lc_numeric_c.o)
    0x00006064   0x00000010   Code   RO         3338    x$fpl$printf1       fz_ps.l(printf1.o)
    0x00006074   0x00000000   Code   RO         3356    x$fpl$usenofp       fz_ps.l(usenofp.o)
    0x00006074   0x0000001c   Data   RO         1088    .constdata          protocol.o
    0x00006090   0x00000028   Data   RO         3267    .constdata          c_p.l(_printf_hex_int.o)
    0x000060b8   0x00000011   Data   RO         3302    .constdata          c_p.l(__printf_flags_ss_wp.o)
    0x000060c9   0x00000080   Data   RO         3328    .constdata          fz_ps.l(ddiv.o)
    0x00006149   0x00000003   PAD
    0x0000614c   0x00000094   Data   RO         3386    .constdata          c_p.l(bigflt0.o)
    0x000061e0   0x00000043   Data   RO          396    .conststring        motor.o
    0x00006223   0x00000001   PAD
    0x00006224   0x00000020   Data   RO         3542    Region$$Table       anon$$obj.o
    0x00006244   0x0000001c   Data   RO         3392    locale$$data        c_p.l(lc_numeric_c.o)


    Execution Region RW_IRAM1 (Base: 0x20000000, Size: 0x00000b18, Max: 0x00002000, ABSOLUTE)

    Base Addr    Size         Type   Attr      Idx    E Section Name        Object

    0x20000000   0x0000001c   Data   RW           14    .data               system_cms32f033x.o
    0x2000001c   0x00000008   Data   RW          114    .data               main.o
    0x20000024   0x00000027   Data   RW          239    .data               isr.o
    0x2000004b   0x00000001   PAD
    0x2000004c   0x00000012   Data   RW          397    .data               motor.o
    0x2000005e   0x0000000b   Data   RW          469    .data               led.o
    0x20000069   0x00000016   Data   RW          533    .data               rtc.o
    0x2000007f   0x00000001   PAD
    0x20000080   0x0000003a   Data   RW          581    .data               tuya_wifi.o
    0x200000ba   0x00000002   Data   RW          627    .data               feed_process.o
    0x200000bc   0x00000001   Data   RW          757    .data               user_uart.o
    0x200000bd   0x00000008   Data   RW          819    .data               user_flash.o
    0x200000c5   0x00000001   PAD
    0x200000c6   0x00000002   Data   RW          922    .data               mcu_api.o
    0x200000c8   0x00000004   Data   RW         1089    .data               protocol.o
    0x200000cc   0x00000015   Data   RW         1188    .data               system.o
    0x200000e1   0x00000003   PAD
    0x200000e4   0x00000008   Data   RW         2485    .data               retarget.o
    0x200000ec   0x00000034   Zero   RW          818    .bss                user_flash.o
    0x20000120   0x00000195   Zero   RW         1187    .bss                system.o
    0x200002b5   0x00000003   PAD
    0x200002b8   0x00000060   Zero   RW         3400    .bss                c_p.l(libspace.o)
    0x20000318   0x00000000   Zero   RW            2    HEAP                startup_cms32f033x.o
    0x20000318   0x00000800   Zero   RW            1    STACK               startup_cms32f033x.o


==============================================================================

Image component sizes


      Code (inc. data)   RO Data    RW Data    ZI Data      Debug   Object Name

       250         14          0          0          0       3373   adc1.o
       472         50          0          0          0       5135   epwm.o
       726         80          0          2          0       3908   feed_process.o
       168          8          0          0          0       2583   gpio.o
      1466        170          0         39          0      24020   isr.o
       462         52          0         11          0       3217   led.o
      1596        426          0          8          0      18945   main.o
      1238         76          0          2          0      52783   mcu_api.o
      2080        386         67         18          0       9004   motor.o
      1226        220         28          4          0       9241   protocol.o
        64          0          0          8          0       3319   retarget.o
       390         70          0         22          0       3596   rtc.o
        52         22        192          0       2048        700   startup_cms32f033x.o
      1124        144          0         21        405      10114   system.o
       168         18          0          0          0       3058   system_1.o
       134         16          0         28          0      46915   system_cms32f033x.o
        86          0          0          0          0       3868   timer.o
      1068        132          0         58          0       4070   tuya_wifi.o
        96          6          0          0          0       3440   uart.o
      1052        180          0          8         52       9197   user_flash.o
      1668         20          0          0          0       7798   user_gpio.o
       342         24          0          0          0       8300   user_time.o
       356         38          0          1          0       2712   user_uart.o
       188         56          0          0          0       2280   wdt.o

    ----------------------------------------------------------------------
     16510       2208        320        236       2508     241576   Object Totals
         0          0         32          0          0          0   (incl. Generated)
        38          0          1          6          3          0   (incl. Padding)

    ----------------------------------------------------------------------

      Code (inc. data)   RO Data    RW Data    ZI Data      Debug   Library Member Name

         8          0          0          0          0         68   __main.o
       392          6         17          0          0         76   __printf_flags_ss_wp.o
        14          0          0          0          0         60   __printf_wp.o
         0          0          0          0          0          0   __rtentry.o
        12          0          0          0          0          0   __rtentry2.o
         6          0          0          0          0          0   __rtentry4.o
        60          8          0          0          0          0   __scatter.o
        26          0          0          0          0          0   __scatter_copy.o
        28          0          0          0          0          0   __scatter_zi.o
        46          0          0          0          0        100   _printf_char.o
        48          6          0          0          0         88   _printf_char_common.o
        40          6          0          0          0         72   _printf_char_file.o
        10          0          0          0          0          0   _printf_d.o
       108         18          0          0          0         76   _printf_dec.o
        10          0          0          0          0          0   _printf_f.o
      1044         14          0          0          0        176   _printf_fp_dec.o
       136         16          0          0          0         76   _printf_fp_infnan.o
        88          4         40          0          0         72   _printf_hex_int.o
       176          0          0          0          0         84   _printf_intcommon.o
        78          0          0          0          0        100   _printf_pad.o
         2          0          0          0          0          0   _printf_percent.o
         4          0          0          0          0          0   _printf_percent_end.o
        10          0          0          0          0          0   _printf_s.o
        82          0          0          0          0         72   _printf_str.o
        10          0          0          0          0          0   _printf_x.o
       346          0          0          0          0         92   aeabi_sdiv.o
       200          4        148          0          0         80   bigflt0.o
      1240         12          0          0          0        316   btod.o
        16          0          0          0          0         68   exit.o
         6          0          0          0          0        136   heapauxi.o
        44         10         28          0          0         76   lc_numeric_c.o
         2          0          0          0          0          0   libinit.o
        18          0          0          0          0          0   libinit2.o
         2          0          0          0          0          0   libshutdown.o
         2          0          0          0          0          0   libshutdown2.o
         8          4          0          0         96         68   libspace.o
       122          0          0          0          0         72   lludiv10.o
        28          6          0          0          0         84   noretval__2printf.o
         8          4          0          0          0         68   rt_locale_intlibspace.o
        64          0          0          0          0        108   rt_memclr.o
       186          0          0          0          0        144   rt_memcpy.o
         2          0          0          0          0          0   rtexit.o
        10          0          0          0          0          0   rtexit2.o
        40          0          0          0          0         60   rtudiv10.o
       136          4          0          0          0         72   strcmp.o
        62          0          0          0          0         80   sys_stackheap_outer.o
       124          4          0          0          0         72   d2f.o
       856         20          0          0          0        208   daddsub.o
      1096         26        128          0          0        112   ddiv.o
       108         10          0          0          0         72   dfixi.o
        88          0          0          0          0         92   dflti.o
       584         26          0          0          0         84   dmul.o
        84          4          0          0          0         60   f2d.o
        16          4          0          0          0         76   printf1.o
         0          0          0          0          0          0   usenofp.o
        44          4          0          0          0         60   fpclassify.o

    ----------------------------------------------------------------------
      7990        220        364          0         96       3480   Library Totals
        10          0          3          0          0          0   (incl. Padding)

    ----------------------------------------------------------------------

      Code (inc. data)   RO Data    RW Data    ZI Data      Debug   Library Name

      4980        122        233          0         96       2644   c_p.l
      2956         94        128          0          0        776   fz_ps.l
        44          4          0          0          0         60   m_ps.l

    ----------------------------------------------------------------------
      7990        220        364          0         96       3480   Library Totals

    ----------------------------------------------------------------------

==============================================================================


      Code (inc. data)   RO Data    RW Data    ZI Data      Debug   

     24500       2428        684        236       2604     236132   Grand Totals
     24500       2428        684        236       2604     236132   ELF Image Totals
     24500       2428        684        236          0          0   ROM Totals

==============================================================================

    Total RO  Size (Code + RO Data)                25184 (  24.59kB)
    Total RW  Size (RW Data + ZI Data)              2840 (   2.77kB)
    Total ROM Size (Code + RO Data + RW Data)      25420 (  24.82kB)

==============================================================================

